I'm sorry, but errors were detected in your script. Please correct the
errors listed below, and try again.


File "game/chapter3.rpy", line 149: expected statement.
    О ещё оди... боже, с тобой все в порядке?! Ты весь в крови!
             ^

File "game/chapter3.rpy", line 150: expected statement.
    эта не моя. Точнее не вся.
              ^

File "game/chapter3.rpy", line 151: expected statement.
    Тут сзади мне крикнули. 
                          ^

File "game/chapter3.rpy", line 152: expected statement.
    эй,парень, лови!
      ^

File "game/chapter3.rpy", line 153: expected statement.
    В меня полетела бутылка с водой и полотенце.
                                               ^

File "game/chapter3.rpy", line 154: expected statement.
    Приведя себя в более-менее приличное состояние, я пригляделся и увидел знакомые мне лица.
                                                  ^

File "game/chapter3.rpy", line 155: expected statement.
    ****,**** и **** (еще 3-ое человек с которыми я поддерживаю связь после школы)
        ^

File "game/chapter3.rpy", line 156: expected statement.
    Вау и как вас сюда занесло?
                              ^

File "game/chapter3.rpy", line 157: expected statement.
    В этом грузовике оказались те кто сопротивлялся или нанес тяжкие телесные повреждения ,,конвоирам. К нам направили еще пару человек и мы тронулись в неизвестном направлении.
                                                                                          ^

File "game/chapter3.rpy", line 158: expected statement.
    Глава 3 (brave new world?)
            ^

File "game/chapter3.rpy", line 159: expected statement.
    Мы ехали ≈ 5 часов а затем нас посадили в самолет где мы пролетели еще часа 3. 
                                                                                 ^

File "game/chapter3.rpy", line 160: expected statement.
    И вот нас согнали на плац как скот. 
                                      ^

File "game/chapter3.rpy", line 161: expected statement.
    Вышел толстопузый генерал и очень долго нам втирал что мы пушечное мясо место которым в могиле. 
                                                                                                  ^

File "game/chapter3.rpy", line 162: expected statement.
    Он явно тянул время пока мы страдали и мучились от холода он смаковал каждое слово,каждый наш стон и стучащие от холода зубы были для него как ангельский хор. 
                                                                                      ^

File "game/chapter3.rpy", line 163: expected statement.
    И вот закончив разглогольствовать нас отправили на «кормежку». 
                                                                 ^

File "game/chapter3.rpy", line 164: expected statement.
    Кинув сотне человек 20 батонов хлеба. Началась даака и драка за еду. 
                                        ^

File "game/chapter3.rpy", line 165: expected statement.
    Это был ад. 
              ^

File "game/chapter3.rpy", line 166: expected statement.
    Обезумевшие от холода и голода люди забивали друг друга чем попало,втаптывая в грязь некогда своих друзей и товарищей. 
                                                                      ^

File "game/chapter3.rpy", line 167: expected statement.
    Мне кое как удалось спрятать батон в лохмотья свей рубашки. 
                                                              ^

File "game/chapter3.rpy", line 168: expected statement.
    И постепенно наблюдал за «людской» грызней. Из 100 человек осталось 50. 
                                              ^

File "game/chapter3.rpy", line 169: expected statement.
    Все остальные которые пытались урегулировать или хоть как то дозировать порции уже лежали с пробитой головой. 
                                                                                                                ^

File "game/chapter3.rpy", line 170: expected statement.
    Так началась игра на выживание. Нас держали 30 дней в холодном сарае. 
                                  ^

File "game/chapter3.rpy", line 171: expected statement.
    Мне и моим друзьям удалось растянуть этот батон на эти дни грелись мы преимущественно тем что сидели около импровизированного костра сжигая одежду взятые с трупов и поэтому могли хоть мало мальски двигаться. 
                                                                                                                                                                                                                  ^

File "game/chapter3.rpy", line 172: expected statement.
    И из 50 человек в живых осталось 10 человек не включая меня и моих братьев по несчастью. 
                                                                                           ^

File "game/chapter3.rpy", line 173: expected statement.
    Нам выдали нормальную одежду и еду. Дальше начались изнуряющие тренировки. 
                                      ^

File "game/chapter3.rpy", line 174: expected statement.
    Если кто-то валился с ног от усталости его тут же избивали дубинками. 
                                                                        ^

File "game/chapter3.rpy", line 175: expected statement.
    Мертвых скидывали в вырытую недалеко от полигона общую яму. 
                                                              ^

Ren'Py Version: Ren'Py 8.3.3.24111502
Thu Dec 19 00:57:03 2024
